// Jest Snapshot v1, https://goo.gl/fbAQLP

exports[`SearchAreaLabelList renders renders with minimum required props 1`] = `
<RCTScrollView
  contentContainerStyle={Object {}}
  data={
    Array [
      Object {
        "id": "1",
        "location": Object {
          "lat": -33.9263749,
          "lng": 18.9319848,
        },
        "name": "Robertson",
        "radius": 10,
      },
    ]
  }
  disableVirtualization={false}
  getItem={[Function]}
  getItemCount={[Function]}
  horizontal={true}
  initialNumToRender={10}
  keyExtractor={[Function]}
  maxToRenderPerBatch={10}
  numColumns={1}
  onContentSizeChange={[Function]}
  onEndReachedThreshold={2}
  onLayout={[Function]}
  onMomentumScrollEnd={[Function]}
  onScroll={[Function]}
  onScrollBeginDrag={[Function]}
  onScrollEndDrag={[Function]}
  renderItem={[Function]}
  scrollEventThrottle={50}
  stickyHeaderIndices={Array []}
  style={Object {}}
  updateCellsBatchingPeriod={50}
  viewabilityConfigCallbackPairs={Array []}
  windowSize={21}
>
  <View>
    <View
      onLayout={[Function]}
      style={
        Array [
          Object {
            "flexDirection": "row",
          },
          null,
        ]
      }
    >
      <View
        style={
          Object {
            "marginRight": 7.5,
          }
        }
      >
        <View
          accessible={true}
          isTVSelectable={true}
          onResponderGrant={[Function]}
          onResponderMove={[Function]}
          onResponderRelease={[Function]}
          onResponderTerminate={[Function]}
          onResponderTerminationRequest={[Function]}
          onStartShouldSetResponder={[Function]}
          style={
            Object {
              "backgroundColor": "#E23E57",
              "borderColor": null,
              "borderRadius": 5,
              "borderWidth": 0,
              "elevation": 2,
              "opacity": 1,
              "paddingHorizontal": 7.5,
              "paddingVertical": 5,
              "shadowColor": "#212121",
              "shadowOffset": Object {
                "height": 1,
                "width": 0,
              },
              "shadowOpacity": 0.17,
              "shadowRadius": 2,
            }
          }
          testID="undefinedRobertson"
        >
          <Text
            accessible={true}
            allowFontScaling={true}
            ellipsizeMode="tail"
            style={
              Object {
                "color": "#FFFFFF",
                "fontFamily": undefined,
                "fontSize": 11,
                "fontWeight": "600",
              }
            }
          >
            Robertson
          </Text>
        </View>
      </View>
    </View>
  </View>
</RCTScrollView>
`;
