// Jest Snapshot v1, https://goo.gl/fbAQLP

exports[`Link renders renders with minimum required props 1`] = `
<View
  accessible={true}
  isTVSelectable={true}
  onResponderGrant={[Function]}
  onResponderMove={[Function]}
  onResponderRelease={[Function]}
  onResponderTerminate={[Function]}
  onResponderTerminationRequest={[Function]}
  onStartShouldSetResponder={[Function]}
  style={
    Object {
      "opacity": 1,
    }
  }
>
  <Text
    accessible={true}
    allowFontScaling={true}
    ellipsizeMode="tail"
    style={
      Object {
        "color": "#3D84A8",
        "fontFamily": "Nunito-SemiBold",
        "fontSize": 17,
      }
    }
  />
</View>
`;
