// Jest Snapshot v1, https://goo.gl/fbAQLP

exports[`Error renders renders with minimum required props 1`] = `
<View
  style={
    Array [
      Object {
        "alignSelf": "stretch",
        "backgroundColor": "#FFFFFF",
        "flex": 1,
        "paddingBottom": 0,
        "paddingTop": 22,
      },
      Object {
        "justifyContent": "center",
      },
      Object {
        "alignItems": "center",
      },
      Object {
        "paddingHorizontal": 15,
        "paddingVertical": 10,
      },
    ]
  }
>
  <View
    style={
      Array [
        Object {
          "left": 0,
          "position": "absolute",
          "right": 0,
          "top": 0,
          "zIndex": 100,
        },
      ]
    }
  >
    <View
      style={
        Array [
          Object {
            "height": 22,
          },
          Object {
            "backgroundColor": "#48466D",
          },
        ]
      }
    />
  </View>
  <View
    style={
      Array [
        Object {
          "alignSelf": "stretch",
        },
        undefined,
      ]
    }
  >
    <Text
      accessible={true}
      allowFontScaling={true}
      ellipsizeMode="tail"
      style={
        Array [
          Object {
            "color": "#212121",
            "fontSize": 24,
            "marginBottom": 8,
          },
          undefined,
        ]
      }
    >
      Error
    </Text>
    <Text
      accessible={true}
      allowFontScaling={true}
      ellipsizeMode="tail"
      style={
        Array [
          Object {
            "color": "#757575",
            "fontSize": 17,
          },
          undefined,
        ]
      }
    >
      Something went wrong.
    </Text>
  </View>
</View>
`;
